../Core/Src/main.c:81:5:main	8	static
../Core/Src/main.c:147:6:SystemClock_Config	88	static
../Core/Src/main.c:193:13:MX_TIM1_Init	48	static
../Core/Src/main.c:252:13:MX_TIM2_Init	64	static
../Core/Src/main.c:311:13:MX_TIM3_Init	32	static
../Core/Src/main.c:356:13:MX_GPIO_Init	48	static
../Core/Src/main.c:457:7:fuzzyController	312	static
../Core/Src/main.c:489:7:hlt_hinhthang	32	static
../Core/Src/main.c:499:7:hlt_tamgiac	24	static
../Core/Src/main.c:508:7:sum_array	32	static
../Core/Src/main.c:522:7:MIN	16	static
../Core/Src/main.c:529:7:rule	32	static
../Core/Src/main.c:540:7:Saturation	16	static
../Core/Src/main.c:549:6:Motor_Control	16	static
../Core/Src/main.c:565:6:HAL_TIM_PeriodElapsedCallback	24	static
../Core/Src/main.c:599:6:Error_Handler	4	static,ignoring_inline_asm
