20:39:04 **** Incremental Build of configuration Debug for project BTL_NMDKTM_DK ****
make -j12 all 
arm-none-eabi-gcc "../Core/Src/main.c" -mcpu=cortex-m4 -std=gnu11 -g3 -DDEBUG -DUSE_HAL_DRIVER -DSTM32F411xE -c -I../Core/Inc -I../Drivers/STM32F4xx_HAL_Driver/Inc -I../Drivers/STM32F4xx_HAL_Driver/Inc/Legacy -I../Drivers/CMSIS/Device/ST/STM32F4xx/Include -I../Drivers/CMSIS/Include -O0 -ffunction-sections -fdata-sections -Wall -fstack-usage -fcyclomatic-complexity -MMD -MP -MF"Core/Src/main.d" -MT"Core/Src/main.o" --specs=nano.specs -mfpu=fpv4-sp-d16 -mfloat-abi=hard -mthumb -o "Core/Src/main.o"
arm-none-eabi-gcc -o "BTL_NMDKTM_DK.elf" @"objects.list"   -mcpu=cortex-m4 -T"C:\Users\Asus\Desktop\BTL_NMDKTM_DK\BTL_NMDKTM_DK\STM32F411VETX_FLASH.ld" --specs=nosys.specs -Wl,-Map="BTL_NMDKTM_DK.map" -Wl,--gc-sections -static --specs=nano.specs -mfpu=fpv4-sp-d16 -mfloat-abi=hard -mthumb -Wl,--start-group -lc -lm -Wl,--end-group
Finished building target: BTL_NMDKTM_DK.elf
 
arm-none-eabi-size  BTL_NMDKTM_DK.elf 
arm-none-eabi-objdump -h -S BTL_NMDKTM_DK.elf  > "BTL_NMDKTM_DK.list"
   text	   data	    bss	    dec	    hex	filename
  18232	     12	   1840	  20084	   4e74	BTL_NMDKTM_DK.elf
Finished building: default.size.stdout
 
Finished building: BTL_NMDKTM_DK.list
 

20:39:05 Build Finished. 0 errors, 0 warnings. (took 771ms)

